// Jest Snapshot v1, https://goo.gl/fbAQLP

exports[`Button component should render a button 1`] = `
Object {
  "asFragment": [Function],
  "baseElement": .c0 {
  border: none;
  outline: none;
  padding: 0.5rem 1rem;
  border-radius: 0.5rem;
  font-size: 0.875rem;
  font-weight: 600;
  -webkit-transition: all 0.3s;
  transition: all 0.3s;
  -webkit-transition-delay: 100ms;
  transition-delay: 100ms;
  cursor: pointer;
  color: #dcfce7;
  background-color: #4d7c0f;
}

.c0:hover {
  background-color: #65a30d;
}

.c0:disabled {
  background-color: #eee;
  color: #aaa;
  cursor: not-allowed;
}

<body>
    <div>
      <button
        class="c0"
      >
        Hello world!
      </button>
    </div>
  </body>,
  "container": .c0 {
  border: none;
  outline: none;
  padding: 0.5rem 1rem;
  border-radius: 0.5rem;
  font-size: 0.875rem;
  font-weight: 600;
  -webkit-transition: all 0.3s;
  transition: all 0.3s;
  -webkit-transition-delay: 100ms;
  transition-delay: 100ms;
  cursor: pointer;
  color: #dcfce7;
  background-color: #4d7c0f;
}

.c0:hover {
  background-color: #65a30d;
}

.c0:disabled {
  background-color: #eee;
  color: #aaa;
  cursor: not-allowed;
}

<div>
    <button
      class="c0"
    >
      Hello world!
    </button>
  </div>,
  "debug": [Function],
  "findAllByAltText": [Function],
  "findAllByDisplayValue": [Function],
  "findAllByLabelText": [Function],
  "findAllByPlaceholderText": [Function],
  "findAllByRole": [Function],
  "findAllByTestId": [Function],
  "findAllByText": [Function],
  "findAllByTitle": [Function],
  "findByAltText": [Function],
  "findByDisplayValue": [Function],
  "findByLabelText": [Function],
  "findByPlaceholderText": [Function],
  "findByRole": [Function],
  "findByTestId": [Function],
  "findByText": [Function],
  "findByTitle": [Function],
  "getAllByAltText": [Function],
  "getAllByDisplayValue": [Function],
  "getAllByLabelText": [Function],
  "getAllByPlaceholderText": [Function],
  "getAllByRole": [Function],
  "getAllByTestId": [Function],
  "getAllByText": [Function],
  "getAllByTitle": [Function],
  "getByAltText": [Function],
  "getByDisplayValue": [Function],
  "getByLabelText": [Function],
  "getByPlaceholderText": [Function],
  "getByRole": [Function],
  "getByTestId": [Function],
  "getByText": [Function],
  "getByTitle": [Function],
  "queryAllByAltText": [Function],
  "queryAllByDisplayValue": [Function],
  "queryAllByLabelText": [Function],
  "queryAllByPlaceholderText": [Function],
  "queryAllByRole": [Function],
  "queryAllByTestId": [Function],
  "queryAllByText": [Function],
  "queryAllByTitle": [Function],
  "queryByAltText": [Function],
  "queryByDisplayValue": [Function],
  "queryByLabelText": [Function],
  "queryByPlaceholderText": [Function],
  "queryByRole": [Function],
  "queryByTestId": [Function],
  "queryByText": [Function],
  "queryByTitle": [Function],
  "rerender": [Function],
  "unmount": [Function],
}
`;
