// Jest Snapshot v1, https://goo.gl/fbAQLP

exports[`Header component should render the header 1`] = `
Object {
  "asFragment": [Function],
  "baseElement": .c1 {
  width: 100%;
  max-width: 720px;
  margin: 0 auto;
}

.c4 {
  border: none;
  outline: none;
  padding: 0.5rem 1rem;
  border-radius: 0.5rem;
  font-size: 0.875rem;
  font-weight: 600;
  -webkit-transition: all 0.3s;
  transition: all 0.3s;
  -webkit-transition-delay: 100ms;
  transition-delay: 100ms;
  cursor: pointer;
  color: #fff;
  background-color: #9a3412;
}

.c4:hover {
  background-color: #ea580c;
}

.c4:disabled {
  background-color: #eee;
  color: #aaa;
  cursor: not-allowed;
}

.c0 {
  background-color: #171717;
  color: #eee;
  padding: 1rem;
}

.c3 {
  width: 100px;
  height: auto;
}

.c2 {
  display: -webkit-box;
  display: -webkit-flex;
  display: -ms-flexbox;
  display: flex;
  -webkit-flex-direction: column;
  -ms-flex-direction: column;
  flex-direction: column;
  -webkit-box-pack: justify;
  -webkit-justify-content: space-between;
  -ms-flex-pack: justify;
  justify-content: space-between;
  -webkit-align-items: center;
  -webkit-box-align: center;
  -ms-flex-align: center;
  align-items: center;
}

@media (min-width:520px) {
  .c2 {
    -webkit-flex-direction: row;
    -ms-flex-direction: row;
    flex-direction: row;
  }
}

<body>
    <div>
      <header
        class="c0"
      >
        <div
          class="c1"
        >
          <section
            class="c2"
          >
            <div>
              <img
                alt="Logo"
                class="c3"
                src="https://santex.wpengine.com/wp-content/uploads/2019/02/logo-santex@3x.png"
              />
              <p>
                Your subtotal: $
                0
              </p>
            </div>
            <button
              class="c4"
            >
              Clear cart
            </button>
          </section>
        </div>
      </header>
    </div>
  </body>,
  "container": .c1 {
  width: 100%;
  max-width: 720px;
  margin: 0 auto;
}

.c4 {
  border: none;
  outline: none;
  padding: 0.5rem 1rem;
  border-radius: 0.5rem;
  font-size: 0.875rem;
  font-weight: 600;
  -webkit-transition: all 0.3s;
  transition: all 0.3s;
  -webkit-transition-delay: 100ms;
  transition-delay: 100ms;
  cursor: pointer;
  color: #fff;
  background-color: #9a3412;
}

.c4:hover {
  background-color: #ea580c;
}

.c4:disabled {
  background-color: #eee;
  color: #aaa;
  cursor: not-allowed;
}

.c0 {
  background-color: #171717;
  color: #eee;
  padding: 1rem;
}

.c3 {
  width: 100px;
  height: auto;
}

.c2 {
  display: -webkit-box;
  display: -webkit-flex;
  display: -ms-flexbox;
  display: flex;
  -webkit-flex-direction: column;
  -ms-flex-direction: column;
  flex-direction: column;
  -webkit-box-pack: justify;
  -webkit-justify-content: space-between;
  -ms-flex-pack: justify;
  justify-content: space-between;
  -webkit-align-items: center;
  -webkit-box-align: center;
  -ms-flex-align: center;
  align-items: center;
}

@media (min-width:520px) {
  .c2 {
    -webkit-flex-direction: row;
    -ms-flex-direction: row;
    flex-direction: row;
  }
}

<div>
    <header
      class="c0"
    >
      <div
        class="c1"
      >
        <section
          class="c2"
        >
          <div>
            <img
              alt="Logo"
              class="c3"
              src="https://santex.wpengine.com/wp-content/uploads/2019/02/logo-santex@3x.png"
            />
            <p>
              Your subtotal: $
              0
            </p>
          </div>
          <button
            class="c4"
          >
            Clear cart
          </button>
        </section>
      </div>
    </header>
  </div>,
  "debug": [Function],
  "findAllByAltText": [Function],
  "findAllByDisplayValue": [Function],
  "findAllByLabelText": [Function],
  "findAllByPlaceholderText": [Function],
  "findAllByRole": [Function],
  "findAllByTestId": [Function],
  "findAllByText": [Function],
  "findAllByTitle": [Function],
  "findByAltText": [Function],
  "findByDisplayValue": [Function],
  "findByLabelText": [Function],
  "findByPlaceholderText": [Function],
  "findByRole": [Function],
  "findByTestId": [Function],
  "findByText": [Function],
  "findByTitle": [Function],
  "getAllByAltText": [Function],
  "getAllByDisplayValue": [Function],
  "getAllByLabelText": [Function],
  "getAllByPlaceholderText": [Function],
  "getAllByRole": [Function],
  "getAllByTestId": [Function],
  "getAllByText": [Function],
  "getAllByTitle": [Function],
  "getByAltText": [Function],
  "getByDisplayValue": [Function],
  "getByLabelText": [Function],
  "getByPlaceholderText": [Function],
  "getByRole": [Function],
  "getByTestId": [Function],
  "getByText": [Function],
  "getByTitle": [Function],
  "queryAllByAltText": [Function],
  "queryAllByDisplayValue": [Function],
  "queryAllByLabelText": [Function],
  "queryAllByPlaceholderText": [Function],
  "queryAllByRole": [Function],
  "queryAllByTestId": [Function],
  "queryAllByText": [Function],
  "queryAllByTitle": [Function],
  "queryByAltText": [Function],
  "queryByDisplayValue": [Function],
  "queryByLabelText": [Function],
  "queryByPlaceholderText": [Function],
  "queryByRole": [Function],
  "queryByTestId": [Function],
  "queryByText": [Function],
  "queryByTitle": [Function],
  "rerender": [Function],
  "unmount": [Function],
}
`;
