// Jest Snapshot v1, https://goo.gl/fbAQLP

exports[`Header component should render the header 1`] = `
Object {
  "asFragment": [Function],
  "baseElement": .c1 {
  width: 100%;
  max-width: 720px;
  margin: 0 auto;
}

.c0 {
  background-color: #1c1917;
  color: #eee;
  padding: 1rem;
}

.c2 {
  width: 100px;
  height: auto;
}

<body>
    <div>
      <header
        class="c0"
      >
        <div
          class="c1"
        >
          <img
            alt="Logo"
            class="c2"
            src="https://santex.wpengine.com/wp-content/uploads/2019/02/logo-santex@3x.png"
          />
          <p>
            Your subtotal: $
            0
          </p>
        </div>
      </header>
    </div>
  </body>,
  "container": .c1 {
  width: 100%;
  max-width: 720px;
  margin: 0 auto;
}

.c0 {
  background-color: #1c1917;
  color: #eee;
  padding: 1rem;
}

.c2 {
  width: 100px;
  height: auto;
}

<div>
    <header
      class="c0"
    >
      <div
        class="c1"
      >
        <img
          alt="Logo"
          class="c2"
          src="https://santex.wpengine.com/wp-content/uploads/2019/02/logo-santex@3x.png"
        />
        <p>
          Your subtotal: $
          0
        </p>
      </div>
    </header>
  </div>,
  "debug": [Function],
  "findAllByAltText": [Function],
  "findAllByDisplayValue": [Function],
  "findAllByLabelText": [Function],
  "findAllByPlaceholderText": [Function],
  "findAllByRole": [Function],
  "findAllByTestId": [Function],
  "findAllByText": [Function],
  "findAllByTitle": [Function],
  "findByAltText": [Function],
  "findByDisplayValue": [Function],
  "findByLabelText": [Function],
  "findByPlaceholderText": [Function],
  "findByRole": [Function],
  "findByTestId": [Function],
  "findByText": [Function],
  "findByTitle": [Function],
  "getAllByAltText": [Function],
  "getAllByDisplayValue": [Function],
  "getAllByLabelText": [Function],
  "getAllByPlaceholderText": [Function],
  "getAllByRole": [Function],
  "getAllByTestId": [Function],
  "getAllByText": [Function],
  "getAllByTitle": [Function],
  "getByAltText": [Function],
  "getByDisplayValue": [Function],
  "getByLabelText": [Function],
  "getByPlaceholderText": [Function],
  "getByRole": [Function],
  "getByTestId": [Function],
  "getByText": [Function],
  "getByTitle": [Function],
  "queryAllByAltText": [Function],
  "queryAllByDisplayValue": [Function],
  "queryAllByLabelText": [Function],
  "queryAllByPlaceholderText": [Function],
  "queryAllByRole": [Function],
  "queryAllByTestId": [Function],
  "queryAllByText": [Function],
  "queryAllByTitle": [Function],
  "queryByAltText": [Function],
  "queryByDisplayValue": [Function],
  "queryByLabelText": [Function],
  "queryByPlaceholderText": [Function],
  "queryByRole": [Function],
  "queryByTestId": [Function],
  "queryByText": [Function],
  "queryByTitle": [Function],
  "rerender": [Function],
  "unmount": [Function],
}
`;
